******************************************************************************
                  TI ARM Linker PC v20.2.7                     
******************************************************************************
>> Linked Wed Jun 18 02:25:04 2025

OUTPUT FILE NAME:   <Car_Project.out>
ENTRY POINT SYMBOL: "_c_int00_noargs"  address: 00003de1


MEMORY CONFIGURATION

         name            origin    length      used     unused   attr    fill
----------------------  --------  ---------  --------  --------  ----  --------
  FLASH                 00000000   00040000  000043f4  0003bc0c  R  X
  SRAM                  20000000   00008000  000008fc  00007704  RW X


SEGMENT ALLOCATION MAP

run origin  load origin   length   init length attrs members
----------  ----------- ---------- ----------- ----- -------
00000000    00000000    000043f8   000043f8    r-x
  00000000    00000000    0000026c   0000026c    r-- .intvecs
  0000026c    0000026c    00003d48   00003d48    r-x .text
  00003fb4    00003fb4    00000408   00000408    r-- .const
  000043c0    000043c0    00000038   00000038    r-- .cinit
20000000    20000000    000008fc   00000000    rw-
  20000000    20000000    00000800   00000000    rw- .stack
  20000800    20000800    000000fc   00000000    rw- .data


SECTION ALLOCATION MAP

 output                                  attributes/
section   page    origin      length       input sections
--------  ----  ----------  ----------   ----------------
.intvecs   0    00000000    0000026c     
                  00000000    0000026c     tm4c123gh6pm_startup_ccs.obj (.intvecs)

.text      0    0000026c    00003d48     
                  0000026c    00000d28     main.obj (.text)
                  00000f94    00000a4e     rtsv7M4_T_le_v4SPD16_eabi.lib : _printfi.c.obj (.text:__TI_printfi)
                  000019e2    00000002                                   : _lock.c.obj (.text:_nop)
                  000019e4    0000085c     buct_hal.obj (.text)
                  00002240    000002b8     oled.obj (.text)
                  000024f8    00000270     rtsv7M4_T_le_v4SPD16_eabi.lib : _printfi.c.obj (.text:_pconv_a)
                  00002768    000001d0                                   : _printfi.c.obj (.text:_pconv_g)
                  00002938    000001b6                                   : fd_add_t2.asm.obj (.text)
                  00002aee    0000014e     accel_6050.obj (.text)
                  00002c3c    00000140     i2c.obj (.text)
                  00002d7c    0000013c     rtsv7M4_T_le_v4SPD16_eabi.lib : _printfi.c.obj (.text:_pconv_e)
                  00002eb8    00000136                                   : fd_div_t2.asm.obj (.text)
                  00002fee    00000002                                   : div0.asm.obj (.text)
                  00002ff0    00000124                                   : _printfi.c.obj (.text:fcvt)
                  00003114    00000110                                   : s_scalbn.c.obj (.text:scalbn)
                  00003224    00000104     driverlib.lib : sysctl.obj (.text:SysCtlClockSet)
                  00003328    000000fc     rtsv7M4_T_le_v4SPD16_eabi.lib : fd_mul_t2.asm.obj (.text)
                  00003424    000000b8     driverlib.lib : gpio.obj (.text:GPIOPadConfigSet)
                  000034dc    000000b4                   : sysctl.obj (.text:SysCtlClockGet)
                  00003590    000000b1     rtsv7M4_T_le_v4SPD16_eabi.lib : _printfi.c.obj (.text:_ltostr)
                  00003641    00000001     --HOLE-- [fill = 0]
                  00003642    0000009c                                   : memcpy_t2.asm.obj (.text)
                  000036de    00000096                                   : ull_div_t2.asm.obj (.text)
                  00003774    00000086                                   : fd_cmp_t2.asm.obj (.text:__aeabi_cdcmple)
                  000037fa    00000086                                   : fd_cmp_t2.asm.obj (.text:__aeabi_cdrcmple)
                  00003880    0000007a                                   : memset_t2.asm.obj (.text)
                  000038fa    0000006e                                   : _printfi.c.obj (.text:_mcpy)
                  00003968    00000068                                   : copy_decompress_lzss.c.obj (.text:decompress:lzss:__TI_decompress_lzss)
                  000039d0    00000068                                   : printf.c.obj (.text:printf)
                  00003a38    00000064                                   : s_frexp.c.obj (.text:frexp)
                  00003a9c    00000056                                   : _printfi.c.obj (.text:_pconv_f)
                  00003af2    00000054                                   : _ltoa.c.obj (.text:__TI_ltoa)
                  00003b46    00000052                                   : _printfi.c.obj (.text:_ecpy)
                  00003b98    0000004c                                   : atoi.c.obj (.text:atoi)
                  00003be4    00000048     driverlib.lib : gpio.obj (.text:GPIOPinConfigure)
                  00003c2c    00000048     rtsv7M4_T_le_v4SPD16_eabi.lib : fd_toi_t2.asm.obj (.text)
                  00003c74    00000044                                   : autoinit.c.obj (.text:__TI_auto_init_nobinit_nopinit:__TI_auto_init_nobinit_nopinit)
                  00003cb8    00000040     driverlib.lib : uart.obj (.text:UARTConfigSetExpClk)
                  00003cf8    00000040     rtsv7M4_T_le_v4SPD16_eabi.lib : sprintf.c.obj (.text:sprintf)
                  00003d38    0000003e                                   : _printfi.c.obj (.text:_fcpy)
                  00003d76    00000002     --HOLE-- [fill = 0]
                  00003d78    00000034     driverlib.lib : sysctl.obj (.text:SysCtlPeripheralEnable)
                  00003dac    00000034                   : sysctl.obj (.text:SysCtlPeripheralReady)
                  00003de0    00000034     rtsv7M4_T_le_v4SPD16_eabi.lib : boot_cortex_m.c.obj (.text:_c_int00_noargs:_c_int00_noargs)
                  00003e14    0000002e                                   : i_tofd_t2.asm.obj (.text)
                  00003e42    0000002a     driverlib.lib : gpio.obj (.text:GPIODirModeSet)
                  00003e6c    0000001c                   : uart.obj (.text:UARTDisable)
                  00003e88    0000001c     rtsv7M4_T_le_v4SPD16_eabi.lib : memccpy.c.obj (.text:memccpy)
                  00003ea4    0000001a                                   : s_copysign.c.obj (.text:copysign)
                  00003ebe    00000018                                   : sprintf.c.obj (.text:_outs)
                  00003ed6    00000016                                   : strchr.c.obj (.text:strchr)
                  00003eec    00000014     driverlib.lib : uart.obj (.text:UARTEnable)
                  00003f00    00000014     rtsv7M4_T_le_v4SPD16_eabi.lib : strlen.c.obj (.text:strlen)
                  00003f14    00000012     driverlib.lib : gpio.obj (.text:GPIOPinTypeGPIOOutput)
                  00003f26    00000012                   : gpio.obj (.text:GPIOPinTypeUART)
                  00003f38    00000012     rtsv7M4_T_le_v4SPD16_eabi.lib : wcslen.c.obj (.text:wcslen)
                  00003f4a    0000000e                                   : copy_decompress_none.c.obj (.text:decompress:none:__TI_decompress_none)
                  00003f58    0000000c     driverlib.lib : uart.obj (.text:UARTCharsAvail)
                  00003f64    0000000c     tm4c123gh6pm_startup_ccs.obj (.text)
                  00003f70    0000000a     driverlib.lib : uart.obj (.text:UARTCharGet)
                  00003f7a    0000000a                   : uart.obj (.text:UARTCharPut)
                  00003f84    0000000a     rtsv7M4_T_le_v4SPD16_eabi.lib : sprintf.c.obj (.text:_outc)
                  00003f8e    00000002     --HOLE-- [fill = 0]
                  00003f90    00000008                                   : errno.c.obj (.text:__aeabi_errno_addr)
                  00003f98    00000006     driverlib.lib : gpio.obj (.text:GPIOPinWrite)
                  00003f9e    00000006                   : sysctl.obj (.text:SysCtlDelay)
                  00003fa4    00000004     rtsv7M4_T_le_v4SPD16_eabi.lib : printf.c.obj (.text:_outc)
                  00003fa8    00000004                                   : printf.c.obj (.text:_outs)
                  00003fac    00000004                                   : pre_init.c.obj (.text:_system_pre_init)
                  00003fb0    00000004                                   : exit.c.obj (.text:abort:abort)

.const     0    00003fb4    00000408     
                  00003fb4    00000222     oled.obj (.const:F6x8)
                  000041d6    00000101     rtsv7M4_T_le_v4SPD16_eabi.lib : ctype.c.obj (.const:.string:_ctypes_)
                  000042d7    00000001     --HOLE-- [fill = 0]
                  000042d8    00000078     driverlib.lib : gpio.obj (.const:g_pui32GPIOBaseAddrs)
                  00004350    0000006c                   : sysctl.obj (.const:g_pui32Xtals)

.cinit     0    000043c0    00000038     
                  000043c0    00000026     (.cinit..data.load) [load image, compression = lzss]
                  000043e6    00000002     --HOLE-- [fill = 0]
                  000043e8    00000008     (__TI_handler_table)
                  000043f0    00000008     (__TI_cinit_table)

.init_array 
*          0    00000000    00000000     UNINITIALIZED

.data      0    20000800    000000fc     UNINITIALIZED
                  20000800    000000f0     rtsv7M4_T_le_v4SPD16_eabi.lib : defs.c.obj (.data:_ftable)
                  200008f0    00000008                                   : _lock.c.obj (.data:$O1$$)
                  200008f8    00000004                                   : errno.c.obj (.data)

.stack     0    20000000    00000800     UNINITIALIZED
                  20000000    00000004     rtsv7M4_T_le_v4SPD16_eabi.lib : boot_cortex_m.c.obj (.stack)
                  20000004    000007fc     --HOLE--

__llvm_prf_cnts 
*          0    20000000    00000000     UNINITIALIZED

MODULE SUMMARY

       Module                         code    ro data   rw data
       ------                         ----    -------   -------
    .\
       main.obj                       3368    0         0      
       buct_hal.obj                   2140    0         0      
       oled.obj                       696     546       0      
       tm4c123gh6pm_startup_ccs.obj   12      620       0      
       accel_6050.obj                 334     0         0      
       i2c.obj                        320     0         0      
    +--+------------------------------+-------+---------+---------+
       Total:                         6870    1166      0      
                                                               
    D:/TI/driverlib/ccs/Debug/driverlib.lib
       sysctl.obj                     550     108       0      
       gpio.obj                       340     120       0      
       uart.obj                       144     0         0      
    +--+------------------------------+-------+---------+---------+
       Total:                         1034    228       0      
                                                               
    D:\TI\ccs1260\ccs\tools\compiler\ti-cgt-arm_20.2.7.LTS\lib\rtsv7M4_T_le_v4SPD16_eabi.lib
       _printfi.c.obj                 4851    0         0      
       fd_add_t2.asm.obj              438     0         0      
       fd_div_t2.asm.obj              310     0         0      
       s_scalbn.c.obj                 272     0         0      
       fd_cmp_t2.asm.obj              268     0         0      
       ctype.c.obj                    0       257       0      
       fd_mul_t2.asm.obj              252     0         0      
       defs.c.obj                     0       0         240    
       memcpy_t2.asm.obj              156     0         0      
       ull_div_t2.asm.obj             150     0         0      
       memset_t2.asm.obj              122     0         0      
       printf.c.obj                   112     0         0      
       copy_decompress_lzss.c.obj     104     0         0      
       s_frexp.c.obj                  100     0         0      
       sprintf.c.obj                  98      0         0      
       _ltoa.c.obj                    84      0         0      
       atoi.c.obj                     76      0         0      
       fd_toi_t2.asm.obj              72      0         0      
       autoinit.c.obj                 68      0         0      
       boot_cortex_m.c.obj            52      0         0      
       i_tofd_t2.asm.obj              46      0         0      
       memccpy.c.obj                  28      0         0      
       s_copysign.c.obj               26      0         0      
       strchr.c.obj                   22      0         0      
       strlen.c.obj                   20      0         0      
       wcslen.c.obj                   18      0         0      
       copy_decompress_none.c.obj     14      0         0      
       errno.c.obj                    8       0         4      
       _lock.c.obj                    2       0         8      
       exit.c.obj                     4       0         0      
       pre_init.c.obj                 4       0         0      
       div0.asm.obj                   2       0         0      
    +--+------------------------------+-------+---------+---------+
       Total:                         7779    257       252    
                                                               
       Stack:                         0       0         2048   
       Linker Generated:              0       54        0      
    +--+------------------------------+-------+---------+---------+
       Grand Total:                   15683   1705      2300   


LINKER GENERATED COPY TABLES

__TI_cinit_table @ 000043f0 records: 1, size/record: 8, table size: 8
	.data: load addr=000043c0, load size=00000026 bytes, run addr=20000800, run size=000000fc bytes, compression=lzss


LINKER GENERATED HANDLER TABLE

__TI_handler_table @ 000043e8 records: 2, size/record: 4, table size: 8
	index: 0, handler: __TI_decompress_lzss
	index: 1, handler: __TI_decompress_none


GLOBAL SYMBOLS: SORTED ALPHABETICALLY BY Name 

address   name                          
-------   ----                          
00003fb1  C$$EXIT                       
00000455  DiOff                         
00000461  DiOn                          
000007a1  Frank                         
00003e43  GPIODirModeSet                
00003425  GPIOPadConfigSet              
00003be5  GPIOPinConfigure              
00003f15  GPIOPinTypeGPIOOutput         
00003f27  GPIOPinTypeUART               
00003f99  GPIOPinWrite                  
00002041  HexDigit                      
0000046d  InitUART5                     
000007bf  InitUltrasonic                
0000028b  LEDBlingANDDiDi               
0000080f  MeasureDistance               
00002321  OLED_Clear                    
00002317  OLED_Display_Off              
0000230d  OLED_Display_On               
00002269  OLED_Init                     
00002375  OLED_SetPosition              
000023ab  OLED_ShowChar                 
00002427  OLED_ShowString               
00002241  OLED_WriteCmd                 
00002255  OLED_WriteData                
00003f65  ResetISR                      
000034dd  SysCtlClockGet                
00003225  SysCtlClockSet                
00003f9f  SysCtlDelay                   
00003d79  SysCtlPeripheralEnable        
00003dad  SysCtlPeripheralReady         
0000026d  UART2Send                     
000004bd  UART5_ReceiveChar             
000004d5  UART5_SendString              
00003f71  UARTCharGet                   
00003f7b  UARTCharPut                   
00003f59  UARTCharsAvail                
00003cb9  UARTConfigSetExpClk           
00003e6d  UARTDisable                   
00003eed  UARTEnable                    
20000800  __STACK_END                   
00000800  __STACK_SIZE                  
20000200  __STACK_TOP                   
000043f0  __TI_CINIT_Base               
000043f8  __TI_CINIT_Limit              
000043e8  __TI_Handler_Table_Base       
000043f0  __TI_Handler_Table_Limit      
00003c75  __TI_auto_init_nobinit_nopinit
00003969  __TI_decompress_lzss          
00003f4b  __TI_decompress_none          
00003af3  __TI_ltoa                     
ffffffff  __TI_pprof_out_hndl           
00000f95  __TI_printfi                  
ffffffff  __TI_prof_data_size           
ffffffff  __TI_prof_data_start          
00000000  __TI_static_base__            
00003775  __aeabi_cdcmpeq               
00003775  __aeabi_cdcmple               
000037fb  __aeabi_cdrcmple              
00003c2d  __aeabi_d2iz                  
00002943  __aeabi_dadd                  
00002eb9  __aeabi_ddiv                  
00003329  __aeabi_dmul                  
00002939  __aeabi_dsub                  
00003f91  __aeabi_errno_addr            
00003e15  __aeabi_i2d                   
00002fef  __aeabi_idiv0                 
00002fef  __aeabi_ldiv0                 
00003881  __aeabi_memclr                
00003881  __aeabi_memclr4               
00003881  __aeabi_memclr8               
00003643  __aeabi_memcpy                
00003643  __aeabi_memcpy4               
00003643  __aeabi_memcpy8               
00003883  __aeabi_memset                
00003883  __aeabi_memset4               
00003883  __aeabi_memset8               
000036df  __aeabi_uldivmod              
ffffffff  __binit__                     
ffffffff  __c_args__                    
UNDEFED   __mpu_init                    
20000000  __stack                       
20000000  __start___llvm_prf_cnts       
20000000  __stop___llvm_prf_cnts        
00003de1  _c_int00_noargs               
000041d6  _ctypes_                      
20000800  _ftable                       
200008f0  _lock                         
000019e3  _nop                          
UNDEFED   _system_post_cinit            
00003fad  _system_pre_init              
200008f4  _unlock                       
00003fb1  abort                         
00003b99  atoi                          
00001e95  backwards                     
ffffffff  binit                         
000003dd  blueOff                       
000003e9  blueOn                        
00003ea5  copysign                      
00003ea5  copysignl                     
0000043d  cyanOff                       
00000449  cyanOn                        
00001a2d  digitalRead                   
000019e5  digitalWrite                  
0000050f  displayMotorSpeeds            
00001fdd  egetchar                      
00002185  egets                         
00001a67  enableGPIO                    
00001fb9  eputchar                      
00002115  eputd                         
00002081  eputi                         
00002009  eputs                         
200008f8  errno                         
00001e77  forwards                      
000021e9  fputc                         
000021d9  fputs                         
00003a39  frexp                         
00003a39  frexpl                        
00000000  g_pfnVectors                  
00001c77  getQEI0Position               
00001c7d  getQEI0Velocity               
00001d05  getQEI1Position               
00001d11  getQEI1Velocity               
000003c5  greenOff                      
000003d1  greenOn                       
00002c9b  i2c_read_register             
00002cf9  i2c_write_register            
00002c3d  initI2C                       
00001d49  initMotorPWM                  
00001c05  initQEI0                      
00001c9f  initQEI1                      
00001f33  initSerial                    
00002aef  init_accel_6050               
00003115  ldexp                         
00003115  ldexpl                        
000008f1  main                          
00003e89  memccpy                       
00003643  memcpy                        
00003889  memset                        
00000581  moveBackward                  
0000053f  moveForward                   
00001a97  pinMode                       
000039d1  printf                        
00000425  purpleOff                     
00000431  purpleOn                      
00002beb  read_temperature              
00002b2b  read_x_accel                  
00002b6b  read_y_accel                  
00002bab  read_z_accel                  
000003ad  redOff                        
000003b9  redOn                         
00003115  scalbn                        
00003115  scalbnl                       
00001eb3  setMotor1                     
00001ef3  setMotor2                     
000004f3  soft_delay                    
00000739  spinLeft                      
00000769  spinRight                     
00003cf9  sprintf                       
00001e5d  stop                          
000005c5  stopMotors                    
00003ed7  strchr                        
00003f01  strlen                        
00000679  turnBackwardLeft              
000006e5  turnBackwardRight             
000005d5  turnForwardLeft               
00000629  turnForwardRight              
00003f39  wcslen                        
0000040d  whiteOff                      
00000419  whiteOn                       
000003f5  yellowOff                     
00000401  yellowOn                      


GLOBAL SYMBOLS: SORTED BY Symbol Address 

address   name                          
-------   ----                          
00000000  __TI_static_base__            
00000000  g_pfnVectors                  
0000026d  UART2Send                     
0000028b  LEDBlingANDDiDi               
000003ad  redOff                        
000003b9  redOn                         
000003c5  greenOff                      
000003d1  greenOn                       
000003dd  blueOff                       
000003e9  blueOn                        
000003f5  yellowOff                     
00000401  yellowOn                      
0000040d  whiteOff                      
00000419  whiteOn                       
00000425  purpleOff                     
00000431  purpleOn                      
0000043d  cyanOff                       
00000449  cyanOn                        
00000455  DiOff                         
00000461  DiOn                          
0000046d  InitUART5                     
000004bd  UART5_ReceiveChar             
000004d5  UART5_SendString              
000004f3  soft_delay                    
0000050f  displayMotorSpeeds            
0000053f  moveForward                   
00000581  moveBackward                  
000005c5  stopMotors                    
000005d5  turnForwardLeft               
00000629  turnForwardRight              
00000679  turnBackwardLeft              
000006e5  turnBackwardRight             
00000739  spinLeft                      
00000769  spinRight                     
000007a1  Frank                         
000007bf  InitUltrasonic                
00000800  __STACK_SIZE                  
0000080f  MeasureDistance               
000008f1  main                          
00000f95  __TI_printfi                  
000019e3  _nop                          
000019e5  digitalWrite                  
00001a2d  digitalRead                   
00001a67  enableGPIO                    
00001a97  pinMode                       
00001c05  initQEI0                      
00001c77  getQEI0Position               
00001c7d  getQEI0Velocity               
00001c9f  initQEI1                      
00001d05  getQEI1Position               
00001d11  getQEI1Velocity               
00001d49  initMotorPWM                  
00001e5d  stop                          
00001e77  forwards                      
00001e95  backwards                     
00001eb3  setMotor1                     
00001ef3  setMotor2                     
00001f33  initSerial                    
00001fb9  eputchar                      
00001fdd  egetchar                      
00002009  eputs                         
00002041  HexDigit                      
00002081  eputi                         
00002115  eputd                         
00002185  egets                         
000021d9  fputs                         
000021e9  fputc                         
00002241  OLED_WriteCmd                 
00002255  OLED_WriteData                
00002269  OLED_Init                     
0000230d  OLED_Display_On               
00002317  OLED_Display_Off              
00002321  OLED_Clear                    
00002375  OLED_SetPosition              
000023ab  OLED_ShowChar                 
00002427  OLED_ShowString               
00002939  __aeabi_dsub                  
00002943  __aeabi_dadd                  
00002aef  init_accel_6050               
00002b2b  read_x_accel                  
00002b6b  read_y_accel                  
00002bab  read_z_accel                  
00002beb  read_temperature              
00002c3d  initI2C                       
00002c9b  i2c_read_register             
00002cf9  i2c_write_register            
00002eb9  __aeabi_ddiv                  
00002fef  __aeabi_idiv0                 
00002fef  __aeabi_ldiv0                 
00003115  ldexp                         
00003115  ldexpl                        
00003115  scalbn                        
00003115  scalbnl                       
00003225  SysCtlClockSet                
00003329  __aeabi_dmul                  
00003425  GPIOPadConfigSet              
000034dd  SysCtlClockGet                
00003643  __aeabi_memcpy                
00003643  __aeabi_memcpy4               
00003643  __aeabi_memcpy8               
00003643  memcpy                        
000036df  __aeabi_uldivmod              
00003775  __aeabi_cdcmpeq               
00003775  __aeabi_cdcmple               
000037fb  __aeabi_cdrcmple              
00003881  __aeabi_memclr                
00003881  __aeabi_memclr4               
00003881  __aeabi_memclr8               
00003883  __aeabi_memset                
00003883  __aeabi_memset4               
00003883  __aeabi_memset8               
00003889  memset                        
00003969  __TI_decompress_lzss          
000039d1  printf                        
00003a39  frexp                         
00003a39  frexpl                        
00003af3  __TI_ltoa                     
00003b99  atoi                          
00003be5  GPIOPinConfigure              
00003c2d  __aeabi_d2iz                  
00003c75  __TI_auto_init_nobinit_nopinit
00003cb9  UARTConfigSetExpClk           
00003cf9  sprintf                       
00003d79  SysCtlPeripheralEnable        
00003dad  SysCtlPeripheralReady         
00003de1  _c_int00_noargs               
00003e15  __aeabi_i2d                   
00003e43  GPIODirModeSet                
00003e6d  UARTDisable                   
00003e89  memccpy                       
00003ea5  copysign                      
00003ea5  copysignl                     
00003ed7  strchr                        
00003eed  UARTEnable                    
00003f01  strlen                        
00003f15  GPIOPinTypeGPIOOutput         
00003f27  GPIOPinTypeUART               
00003f39  wcslen                        
00003f4b  __TI_decompress_none          
00003f59  UARTCharsAvail                
00003f65  ResetISR                      
00003f71  UARTCharGet                   
00003f7b  UARTCharPut                   
00003f91  __aeabi_errno_addr            
00003f99  GPIOPinWrite                  
00003f9f  SysCtlDelay                   
00003fad  _system_pre_init              
00003fb1  C$$EXIT                       
00003fb1  abort                         
000041d6  _ctypes_                      
000043e8  __TI_Handler_Table_Base       
000043f0  __TI_CINIT_Base               
000043f0  __TI_Handler_Table_Limit      
000043f8  __TI_CINIT_Limit              
20000000  __stack                       
20000000  __start___llvm_prf_cnts       
20000000  __stop___llvm_prf_cnts        
20000200  __STACK_TOP                   
20000800  __STACK_END                   
20000800  _ftable                       
200008f0  _lock                         
200008f4  _unlock                       
200008f8  errno                         
ffffffff  __TI_pprof_out_hndl           
ffffffff  __TI_prof_data_size           
ffffffff  __TI_prof_data_start          
ffffffff  __binit__                     
ffffffff  __c_args__                    
ffffffff  binit                         
UNDEFED   __mpu_init                    
UNDEFED   _system_post_cinit            

[171 symbols]
